[03:48:57] [main/INFO]: Loading Minecraft 26.2 with Fabric Loader 0.19.3
[03:48:57] [main/INFO]: Mappings not present!
[03:48:58] [main/WARN]: Warnings were found!
 - Mod 'Forge Config API Port' (forgeconfigapiport) 26.2.0 recommends any version of modmenu, which is missing!
	 - You should install any version of modmenu for the optimal experience.
 - Mod 'Friends&Foes' (friendsandfoes) 4.0.27 recommends any version of yet_another_config_lib_v3, which is missing!
	 - You should install any version of yet_another_config_lib_v3 for the optimal experience.
 - Mod 'Friends&Foes' (friendsandfoes) 4.0.27 recommends any version of modmenu, which is missing!
	 - You should install any version of modmenu for the optimal experience.
[03:48:58] [main/INFO]: Loading 79 mods:
	- architectury 21.0.7
	- balm 26.2.0.6
	   \-- kuma_api 26.2.0.1
	- biomesoplenty 26.2.0.0.27
	   |-- com_google_code_findbugs_jsr305 3.0.2
	   \-- net_jodah_typetools 0.6.3
	- cristellib 3.1.10
	   \-- blue_endless_jankson 1.2.3
	- enderzoology 26.2.0
	- explorify 1.6.5
	- fabric-api 0.157.0+26.2
	   |-- fabric-api-base 2.0.4+ece063239e
	   |-- fabric-api-lookup-api-v1 2.0.17+11e1c9a39e
	   |-- fabric-biome-api-v1 18.0.6+c7bd5b8e9e
	   |-- fabric-block-api-v1 3.0.3+ec56b6019e
	   |-- fabric-block-getter-api-v2 2.0.7+ec56b6019e
	   |-- fabric-command-api-v2 3.1.0+00cb03469e
	   |-- fabric-content-registries-v0 11.3.1+37b1aa249e
	   |-- fabric-convention-tags-v2 4.7.0+1f023a9e9e
	   |-- fabric-crash-report-info-v1 1.0.5+086d547a9e
	   |-- fabric-creative-tab-api-v1 5.0.14+d871b99e9e
	   |-- fabric-data-attachment-api-v1 2.2.18+515ac5339e
	   |-- fabric-data-generation-api-v1 25.5.0+aed122aa9e
	   |-- fabric-debug-api-v1 1.0.2+c792624d9e
	   |-- fabric-dimensions-v1 5.1.11+515ac5339e
	   |-- fabric-entity-events-v1 5.0.5+06488ac19e
	   |-- fabric-events-interaction-v0 5.2.7+515ac5339e
	   |-- fabric-game-rule-api-v1 4.0.8+46a6d00c9e
	   |-- fabric-item-api-v1 14.4.0+49a69a7b9e
	   |-- fabric-key-mapping-api-v1 2.0.5+e2bdee789e
	   |-- fabric-lifecycle-events-v1 4.1.3+4575b05f9e
	   |-- fabric-loot-api-v3 3.0.17+06488ac19e
	   |-- fabric-menu-api-v1 2.0.16+086d547a9e
	   |-- fabric-message-api-v1 7.0.8+bb2ed3f79e
	   |-- fabric-model-loading-api-v1 8.0.16+c80601bb9e
	   |-- fabric-networking-api-v1 6.3.3+72073ef09e
	   |-- fabric-object-builder-api-v1 24.1.0+6fcd5f039e
	   |-- fabric-particles-v1 5.0.18+d1756aa99e
	   |-- fabric-permission-api-v1 1.0.5+e442d8d09e
	   |-- fabric-recipe-api-v1 9.0.20+11e1c9a39e
	   |-- fabric-registry-sync-v0 7.1.0+c7bd5b8e9e
	   |-- fabric-renderer-api-v1 14.1.3+2b0d8a229e
	   |-- fabric-renderer-indigo 9.1.3+2b0d8a229e
	   |-- fabric-rendering-fluids-v1 6.0.4+06488ac19e
	   |-- fabric-rendering-v1 25.3.2+515ac5339e
	   |-- fabric-resource-conditions-api-v1 6.1.0+10e9a28b9e
	   |-- fabric-resource-loader-v0 3.3.20+4fc5413f9e
	   |-- fabric-resource-loader-v1 2.0.13+9edec1269e
	   |-- fabric-screen-api-v1 5.2.0+58e078ad9e
	   |-- fabric-serialization-api-v1 2.0.4+11a26f319e
	   |-- fabric-sound-api-v1 2.0.5+11a26f319e
	   |-- fabric-tag-api-v1 2.1.4+515ac5339e
	   |-- fabric-transfer-api-v1 8.0.12+11dbb7d79e
	   \-- fabric-transitive-access-wideners-v1 8.1.4+67c847259e
	- fabricloader 0.19.3
	   \-- mixinextras 0.5.4
	- fallingtree 25
	- forgeconfigapiport 26.2.0
	   |-- com_electronwill_night-config_core 3.8.4
	   \-- com_electronwill_night-config_toml 3.8.4
	- friendsandfoes 4.0.27
	- fusion 1.3.12
	- glitchcore 26.2.0.0.0
	   \-- net_jodah_typetools 0.6.3
	- java 25
	- jei 30.24.0.167
	- minecraft 26.2
	- mr_vanilla_backpacks 1.3.5
	- mutantmonsters 26.2.0
	- puzzleslib 26.2.3
	- rechiseled 1.2.5
	- resourcefullib 5.0.3
	   |-- com_teamresourceful_bytecodecs 1.1.3
	   \-- com_teamresourceful_yabn 1.0.3
	- shogi 26.2.0.5
	   \-- shogi_api 26.2.0.5
	- supermartijn642configlib 1.1.8
	- supermartijn642corelib 1.1.24
	- t_and_t 1.13.11
	- terrablender 26.2.0.0.2
	- travelersbackpack 11.3.1
	- waystones 26.2.0.9
	- xaerominimap 26.4.2
	   \-- xaerolib 1.7.1
	- xaeroworldmap 1.44.2
	   \-- xaerolib 1.7.1
	- zeroteam_gravestone 1.0.4
	- zeroteam_zero_lib 1.0.1
[03:48:58] [main/INFO]: SpongePowered MIXIN Subsystem Version=0.8.7 Source=file:/workspaces/Onlygeis/servidor_minecraft/libraries/net/fabricmc/sponge-mixin/0.17.3+mixin.0.8.7/sponge-mixin-0.17.3+mixin.0.8.7.jar Service=Knot/Fabric Env=SERVER
[03:48:58] [main/INFO]: Compatibility level set to JAVA_25
[03:48:58] [main/WARN]: Reference map 'biomesoplenty.refmap.json' for biomesoplenty.mixins.json could not be read. If this is a development environment you can ignore this message
[03:48:58] [main/WARN]: Reference map 'biomesoplenty.refmap.json' for biomesoplenty.fabric.mixins.json could not be read. If this is a development environment you can ignore this message
[03:48:58] [main/WARN]: Reference map 'friendsandfoes.refmap.json' for friendsandfoes-common.mixins.json could not be read. If this is a development environment you can ignore this message
[03:48:58] [main/WARN]: Reference map 'friendsandfoes.refmap.json' for friendsandfoes-fabric.mixins.json could not be read. If this is a development environment you can ignore this message
[03:48:58] [main/WARN]: Reference map 'glitchcore.refmap.json' for glitchcore.mixins.json could not be read. If this is a development environment you can ignore this message
[03:48:58] [main/WARN]: Reference map 'glitchcore.refmap.json' for glitchcore.fabric.mixins.json could not be read. If this is a development environment you can ignore this message
[03:48:58] [main/WARN]: Reference map 'kuma_api.refmap.json' for kuma_api.mixins.json could not be read. If this is a development environment you can ignore this message
[03:48:58] [main/WARN]: Reference map 'kuma_api.refmap.json' for kuma_api.fabric.mixins.json could not be read. If this is a development environment you can ignore this message
[03:48:58] [main/WARN]: Reference map 'supermartijn642configlib.mixins.refmap.json' for supermartijn642configlib.mixins.json could not be read. If this is a development environment you can ignore this message
[03:48:58] [main/WARN]: Reference map 'xaerolib.refmap.json' for xaerolib.mixins.json could not be read. If this is a development environment you can ignore this message
[03:48:58] [main/WARN]: Reference map 'xaeroworldmap.refmap.json' for xaeroworldmap.mixins.json could not be read. If this is a development environment you can ignore this message
[03:48:59] [main/WARN]: Error loading class: de/siphalor/amecs/key_modifiers/impl/AmecsKeyModifiersEarlyInit (java.lang.ClassNotFoundException: de/siphalor/amecs/key_modifiers/impl/AmecsKeyModifiersEarlyInit)
[03:48:59] [main/WARN]: @Mixin target de.siphalor.amecs.key_modifiers.impl.AmecsKeyModifiersEarlyInit was not found jei.mixins.json:AmecsKeyModifiersEarlyInitMixin from mod jei
[03:48:59] [main/WARN]: Error loading class: net/minecraft/client/renderer/state/level/BlockOutlineRenderState (java.lang.ClassNotFoundException: net/minecraft/client/renderer/state/level/BlockOutlineRenderState)
[03:48:59] [main/WARN]: @Mixin target net.minecraft.client.renderer.state.level.BlockOutlineRenderState was not found resourcefullib.mixins.json:BlockOutlineRenderStateMixin from mod resourcefullib
[03:48:59] [main/INFO]: Initializing MixinExtras via com.llamalad7.mixinextras.service.MixinExtrasServiceImpl(version=0.5.4).
[03:49:06] [main/INFO]: Mod proxy balm:permissions resolved as net.blay09.mods.balm.platform.permissions.internal.CommonBalmPermissions@377e0651
[03:49:06] [main/INFO]: Constructing components for enderzoology:common
[03:49:06] [main/INFO]: Dispatching loading event for config enderzoology-common.toml
[03:49:07] [main/INFO]: Constructing components for mutantmonsters:common
[03:49:07] [main/INFO]: Dispatching loading event for config mutantmonsters-common.toml
[03:49:07] [main/INFO]: Constructing components for puzzleslib:common
[03:49:07] [main/INFO]: Registered region minecraft:overworld to index 0 for type OVERWORLD
[03:49:07] [main/INFO]: Registered region minecraft:nether to index 0 for type NETHER
[03:49:07] [main/INFO]: Registered region biomesoplenty:overworld_primary to index 1 for type OVERWORLD
[03:49:07] [main/INFO]: Registered region biomesoplenty:overworld_secondary to index 2 for type OVERWORLD
[03:49:07] [main/INFO]: Registered region biomesoplenty:overworld_rare to index 3 for type OVERWORLD
[03:49:07] [main/INFO]: Registered region biomesoplenty:nether_common to index 1 for type NETHER
[03:49:07] [main/INFO]: Registered region biomesoplenty:nether_rare to index 2 for type NETHER
[03:49:08] [main/INFO]: Registered the FluidEffect with Unique ID of minecraft:water for Water (Fluid Amount Required: 81000) with the ID 0
[03:49:08] [main/INFO]: Registered the FluidEffect with Unique ID of minecraft:lava for Lava (Fluid Amount Required: 81000) with the ID 1
[03:49:08] [main/INFO]: Registered the FluidEffect with Unique ID of travelersbackpack:potion for block.travelersbackpack.potion_still (Fluid Amount Required: 27000) with the ID 2
[03:49:08] [main/INFO]: Registered the FluidEffect with Unique ID of minecraft:milk for Air (Fluid Amount Required: 81000) with the ID 3
[03:49:08] [main/INFO]: Zero Lib initialized
[03:49:08] [main/INFO]: Gravestone initialized
[03:49:10] [main/INFO]: Registering common data for channel xaerolib:main!
[03:49:10] [main/INFO]: Loading primary common config for channel xaerolib:main!
[03:49:10] [main/INFO]: Loading server config profiles for channel xaerolib:main!
[03:49:10] [main/INFO]: Loading XaeroLib common 1/2!
[03:49:10] [main/INFO]: Loading XaeroLib server 1/2!
[03:49:10] [main/INFO]: Registering common data for channel xaerominimap:main!
[03:49:10] [main/INFO]: Loading primary common config for channel xaerominimap:main!
[03:49:10] [main/INFO]: Loading server config profiles for channel xaerominimap:main!
[03:49:10] [main/INFO]: Loading Xaero's Minimap - Stage 1/2 (Server)
[03:49:10] [main/INFO]: Registering common data for channel xaeroworldmap:main!
[03:49:10] [main/INFO]: Loading primary common config for channel xaeroworldmap:main!
[03:49:10] [main/INFO]: Loading server config profiles for channel xaeroworldmap:main!
[03:49:10] [main/INFO]: Loading Xaero's World Map - Stage 1/2 (Server)
[03:49:11] [main/INFO]: Environment: Environment[sessionHost=https://sessionserver.mojang.com, servicesHost=https://api.minecraftservices.com, profilesHost=https://api.mojang.com, name=PROD]
[03:49:11] [main/INFO]: 1 chiseling plugins were registered: [rechiseled:datapacks]
[03:49:13] [main/INFO]: Loaded 2320 recipes
[03:49:13] [main/INFO]: Loaded 2386 advancements
[03:49:13] [main/INFO]: Loaded 27 entity animations
[03:49:13] [main/INFO]: Loaded 1 moobloom variants
[03:49:13] [main/INFO]: Loaded 45 chiseling recipes
[03:49:14] [main/INFO]: Initialized TerraBlender biomes for level stem minecraft:the_nether
[03:49:14] [main/INFO]: Initialized TerraBlender biomes for level stem minecraft:overworld
[03:49:14] [main/INFO]: Applied 837 biome modifications to 135 of 135 new biomes in 98.33 ms
[03:49:14] [Server thread/INFO]: Dispatching loading event for config mutantmonsters-server.toml
[03:49:14] [Server thread/INFO]: Loading XaeroLib common 2/2!
[03:49:14] [Server thread/INFO]: Loading XaeroLib server 2/2!
[03:49:14] [Server thread/INFO]: Starting minecraft server version 26.2
[03:49:14] [Server thread/INFO]: Loading properties
[03:49:14] [Server thread/INFO]: Default game type: SURVIVAL
[03:49:14] [Server thread/INFO]: Generating keypair
[03:49:14] [Server thread/INFO]: Starting Minecraft server on *:25565
[03:49:14] [Server thread/WARN]: **** SERVER IS RUNNING IN OFFLINE/INSECURE MODE!
[03:49:14] [Server thread/WARN]: The server will make no attempt to authenticate usernames. Beware.
[03:49:14] [Server thread/WARN]: While this makes the game possible to play without internet access, it also opens up the ability for hackers to connect with any username they choose.
[03:49:14] [Server thread/WARN]: To change this, set "online-mode" to "true" in the server.properties file.
[03:49:14] [Server thread/INFO]: Preparing level "world"
[03:49:15] [Server thread/INFO]: Loading 0 persistent chunks...
[03:49:15] [Server thread/INFO]: Preparing spawn area: 100%
[03:49:15] [Server thread/INFO]: Time elapsed: 11 ms
[03:49:15] [Server thread/INFO]: Done (0.354s)! For help, type "help"
[03:49:15] [Server thread/INFO]: Saving chunks for level 'ServerLevel[world]'/minecraft:overworld
[03:49:15] [Server thread/INFO]: Saving chunks for level 'ServerLevel[world]'/minecraft:the_nether
[03:49:15] [Server thread/INFO]: Saving chunks for level 'ServerLevel[world]'/minecraft:the_end
[03:49:15] [Server thread/INFO]: ThreadedAnvilChunkStorage (world): All chunks are saved
[03:49:15] [Server thread/INFO]: ThreadedAnvilChunkStorage (DIM-1): All chunks are saved
[03:49:15] [Server thread/INFO]: ThreadedAnvilChunkStorage (DIM1): All chunks are saved
[03:49:15] [Server thread/INFO]: ThreadedAnvilChunkStorage: All dimensions are saved
[03:49:15] [Server thread/INFO]: Loading Xaero's Minimap - Stage 2/2 (Server)
[03:49:15] [Server thread/INFO]: Loading Xaero's World Map - Stage 2/2 (Server)
[03:49:27] [Server thread/INFO]: Mattute_uwu[/172.29.228.210:52034] logged in with entity id 224 at (-105.4568184061094, 66.0, -168.41338161192508)
[03:49:27] [Server thread/INFO]: Mattute_uwu joined the game
[03:49:31] [Server thread/INFO]: Renesito[/172.29.190.27:61045] logged in with entity id 373 at (-104.09107651250845, 66.0, -170.51064699287568)
[03:49:31] [Server thread/INFO]: Renesito joined the game
[03:49:33] [Server thread/INFO]: Yazuu[/172.29.222.16:57637] logged in with entity id 444 at (238.95363150694365, 67.0, -1143.8984547205532)
[03:49:33] [Server thread/INFO]: Yazuu joined the game
[03:49:35] [Server thread/INFO]: bohemia[/172.29.182.214:62310] logged in with entity id 537 at (-85.66042639733931, 68.0, -80.11852844362188)
[03:49:35] [Server thread/INFO]: bohemia joined the game
[03:50:30] [Server thread/INFO]: Mod proxy <unnamed> resolved as net.blay09.mods.balm.platform.compatibility.trinkets.internal.NoopTrinkets@c88469f
[03:51:35] [Server thread/WARN]: bohemia moved too quickly! -0.4446426875539373,-0.3015347236627832,10.013528638086882
[03:57:24] [Server thread/INFO]: marinet45[/172.29.35.46:58532] logged in with entity id 10777 at (492.30000001192093, -15.0, -634.6999999880791)
[03:57:24] [Server thread/INFO]: marinet45 joined the game
[03:59:13] [Server thread/WARN]: Can't keep up! Is the server overloaded? Running 2029ms or 40 ticks behind
[03:59:32] [Server thread/WARN]: Can't keep up! Is the server overloaded? Running 3632ms or 72 ticks behind
[04:02:16] [Server thread/INFO]: Mattute_uwu has made the advancement [Not Today, Thank You]
[04:10:10] [Server thread/WARN]: Can't keep up! Is the server overloaded? Running 2024ms or 40 ticks behind
[04:21:04] [Server thread/WARN]: Can't keep up! Is the server overloaded? Running 2037ms or 40 ticks behind
[04:21:23] [Server thread/WARN]: Can't keep up! Is the server overloaded? Running 3703ms or 74 ticks behind
[04:22:00] [Server thread/INFO]: Renesito fell from a high place
[04:22:00] [Server thread/INFO]: Created new backpack backup file for Renesito with unique ID travelersbackpack.emerald_25.08.2026-04.22.00.dat
[04:22:00] [Server thread/INFO]: Created new backpack backup file for Renesito with unique ID travelersbackpack.emerald_25.08.2026-04.22.00.dat
[04:22:00] [Server thread/INFO]: Your backpack has been placed at X: 8 Y: 66 Z: -201
[04:28:14] [Server thread/INFO]: Renesito lost connection: Disconnected
[04:28:14] [Server thread/INFO]: Renesito left the game
[04:29:00] [Server thread/INFO]: Renesito[/172.29.190.27:63408] logged in with entity id 37546 at (-72.54675571654901, 12.0, 87.79759395342532)
[04:29:00] [Server thread/INFO]: Renesito joined the game
[04:29:57] [Server thread/INFO]: Mattute_uwu was slain by Zombie
[04:29:57] [Server thread/INFO]: Created new backpack backup file for Mattute_uwu with unique ID travelersbackpack.chicken_25.08.2026-04.29.57.dat
[04:29:57] [Server thread/INFO]: Created new backpack backup file for Mattute_uwu with unique ID travelersbackpack.chicken_25.08.2026-04.29.57.dat
[04:29:57] [Server thread/INFO]: Your backpack has been placed at X: -1967 Y: -50 Z: 772
[04:31:54] [Server thread/WARN]: Can't keep up! Is the server overloaded? Running 2005ms or 40 ticks behind
[04:32:19] [Server thread/WARN]: Can't keep up! Is the server overloaded? Running 9554ms or 191 ticks behind
[04:32:37] [Server thread/WARN]: Can't keep up! Is the server overloaded? Running 2967ms or 59 ticks behind
[04:32:50] [Server thread/INFO]: Renesito lost connection: Disconnected
[04:32:50] [Server thread/INFO]: Renesito left the game
[04:33:52] [Server thread/INFO]: Renesito[/172.29.190.27:63736] logged in with entity id 43332 at (-112.50218240178374, 10.0, 124.69999998807907)
[04:33:52] [Server thread/INFO]: Renesito joined the game
[04:34:22] [Server thread/WARN]: Can't keep up! Is the server overloaded? Running 2003ms or 40 ticks behind
[04:34:24] [Server thread/WARN]: Mismatch in destroy block pos: BlockPos{x=-102, y=13, z=118} BlockPos{x=-103, y=13, z=120}
[04:34:42] [Server thread/WARN]: Can't keep up! Is the server overloaded? Running 2013ms or 40 ticks behind
[04:34:59] [Server thread/WARN]: Can't keep up! Is the server overloaded? Running 2217ms or 44 ticks behind
[04:35:16] [Server thread/WARN]: Can't keep up! Is the server overloaded? Running 2038ms or 40 ticks behind
[04:35:33] [Server thread/WARN]: Can't keep up! Is the server overloaded? Running 2104ms or 42 ticks behind
[04:36:28] [Server thread/WARN]: Can't keep up! Is the server overloaded? Running 2000ms or 40 ticks behind
[04:36:56] [Server thread/WARN]: Can't keep up! Is the server overloaded? Running 2000ms or 40 ticks behind
[04:37:04] [Server thread/INFO]: Renesito lost connection: Disconnected
[04:37:04] [Server thread/INFO]: Renesito left the game
[04:37:50] [Server thread/INFO]: Mattute_uwu was shot by Skeleton
[04:37:50] [Server thread/INFO]: Created new backpack backup file for Mattute_uwu with unique ID travelersbackpack.chicken_25.08.2026-04.37.50.dat
[04:37:50] [Server thread/INFO]: Created new backpack backup file for Mattute_uwu with unique ID travelersbackpack.chicken_25.08.2026-04.37.50.dat
[04:37:50] [Server thread/INFO]: Your backpack has been placed at X: -1963 Y: -49 Z: 771
[04:37:53] [Server thread/INFO]: Renesito[/172.29.190.27:64010] logged in with entity id 48122 at (-83.30000001192093, 17.0, 116.89232922490245)
[04:37:53] [Server thread/INFO]: Renesito joined the game
[04:38:29] [Server thread/INFO]: Renesito lost connection: Disconnected
[04:38:29] [Server thread/INFO]: Renesito left the game
[04:38:52] [Server thread/INFO]: Renesito[/172.29.190.27:64074] logged in with entity id 49824 at (-83.30000001192093, 17.0, 116.89232922490245)
[04:38:52] [Server thread/INFO]: Renesito joined the game
[04:39:26] [Server thread/WARN]: Can't keep up! Is the server overloaded? Running 2018ms or 40 ticks behind
[04:40:30] [Server thread/WARN]: Mismatch in destroy block pos: BlockPos{x=-73, y=16, z=133} BlockPos{x=-73, y=15, z=133}
[04:40:33] [Server thread/WARN]: Can't keep up! Is the server overloaded? Running 2007ms or 40 ticks behind
[04:40:40] [Server thread/WARN]: Mismatch in destroy block pos: BlockPos{x=-73, y=16, z=133} BlockPos{x=-66, y=16, z=126}
[04:40:40] [Server thread/WARN]: Mismatch in destroy block pos: BlockPos{x=-73, y=16, z=133} BlockPos{x=-66, y=16, z=126}
[04:40:40] [Server thread/WARN]: Mismatch in destroy block pos: BlockPos{x=-73, y=16, z=133} BlockPos{x=-66, y=16, z=126}
[04:41:05] [Server thread/WARN]: Can't keep up! Is the server overloaded? Running 2004ms or 40 ticks behind
[04:41:30] [Server thread/WARN]: Can't keep up! Is the server overloaded? Running 2005ms or 40 ticks behind
[04:41:49] [Server thread/WARN]: Can't keep up! Is the server overloaded? Running 2011ms or 40 ticks behind
[04:42:13] [Server thread/WARN]: Can't keep up! Is the server overloaded? Running 2002ms or 40 ticks behind
[04:42:57] [Server thread/WARN]: Can't keep up! Is the server overloaded? Running 2056ms or 41 ticks behind
[04:43:19] [Server thread/WARN]: Can't keep up! Is the server overloaded? Running 6573ms or 131 ticks behind
[04:43:36] [Server thread/WARN]: Can't keep up! Is the server overloaded? Running 2162ms or 43 ticks behind
[04:44:12] [Server thread/WARN]: Can't keep up! Is the server overloaded? Running 2013ms or 40 ticks behind
[04:44:47] [Server thread/WARN]: Can't keep up! Is the server overloaded? Running 2003ms or 40 ticks behind
[04:45:19] [Server thread/WARN]: Mismatch in destroy block pos: BlockPos{x=-144, y=15, z=33} BlockPos{x=-143, y=13, z=33}
[04:45:26] [Server thread/WARN]: Can't keep up! Is the server overloaded? Running 2030ms or 40 ticks behind
[04:45:33] [Server thread/WARN]: Mismatch in destroy block pos: BlockPos{x=-141, y=14, z=25} BlockPos{x=-140, y=13, z=26}
[04:45:37] [Server thread/INFO]: Mattute_uwu was blown up by Mutant Creeper
[04:45:37] [Server thread/INFO]: Mattute_uwu has made the advancement [Mutant Monsters]
[04:45:51] [Server thread/WARN]: Can't keep up! Is the server overloaded? Running 2003ms or 40 ticks behind
[04:46:17] [Server thread/WARN]: Can't keep up! Is the server overloaded? Running 2013ms or 40 ticks behind
[04:46:53] [Server thread/WARN]: Can't keep up! Is the server overloaded? Running 2010ms or 40 ticks behind
[04:47:18] [Server thread/WARN]: Can't keep up! Is the server overloaded? Running 2002ms or 40 ticks behind
[04:47:52] [Server thread/WARN]: Can't keep up! Is the server overloaded? Running 2006ms or 40 ticks behind
[04:48:19] [Server thread/WARN]: Mismatch in destroy block pos: BlockPos{x=-93, y=16, z=67} BlockPos{x=-93, y=15, z=67}
[04:48:19] [Server thread/WARN]: Mismatch in destroy block pos: BlockPos{x=-93, y=16, z=67} BlockPos{x=-93, y=15, z=67}
[04:48:19] [Server thread/WARN]: Mismatch in destroy block pos: BlockPos{x=-93, y=16, z=67} BlockPos{x=-93, y=15, z=67}
[04:48:19] [Server thread/WARN]: Mismatch in destroy block pos: BlockPos{x=-93, y=16, z=67} BlockPos{x=-93, y=15, z=67}
[04:48:19] [Server thread/WARN]: Mismatch in destroy block pos: BlockPos{x=-93, y=16, z=67} BlockPos{x=-93, y=15, z=67}
[04:48:19] [Server thread/WARN]: Mismatch in destroy block pos: BlockPos{x=-93, y=16, z=67} BlockPos{x=-93, y=15, z=67}
[04:48:19] [Server thread/WARN]: Mismatch in destroy block pos: BlockPos{x=-93, y=16, z=67} BlockPos{x=-93, y=15, z=67}
[04:48:20] [Server thread/WARN]: Mismatch in destroy block pos: BlockPos{x=-92, y=16, z=66} BlockPos{x=-91, y=17, z=65}
[04:48:20] [Server thread/WARN]: Mismatch in destroy block pos: BlockPos{x=-92, y=16, z=66} BlockPos{x=-91, y=17, z=65}
[04:48:29] [Server thread/WARN]: Can't keep up! Is the server overloaded? Running 2011ms or 40 ticks behind
[04:49:07] [Server thread/WARN]: Can't keep up! Is the server overloaded? Running 2003ms or 40 ticks behind
[04:49:52] [Server thread/WARN]: Can't keep up! Is the server overloaded? Running 2003ms or 40 ticks behind
[04:50:44] [Server thread/WARN]: Can't keep up! Is the server overloaded? Running 2045ms or 40 ticks behind
[04:51:17] [Server thread/WARN]: Mismatch in destroy block pos: BlockPos{x=236, y=-43, z=-488} BlockPos{x=235, y=-43, z=-489}
[04:54:00] [Server thread/WARN]: Can't keep up! Is the server overloaded? Running 2024ms or 40 ticks behind
[04:54:19] [Server thread/WARN]: Can't keep up! Is the server overloaded? Running 4733ms or 94 ticks behind
[04:54:26] [Server thread/WARN]: Mismatch in destroy block pos: BlockPos{x=193, y=-35, z=-470} BlockPos{x=193, y=-34, z=-470}
[04:54:30] [Server thread/WARN]: Mismatch in destroy block pos: BlockPos{x=196, y=-34, z=-465} BlockPos{x=197, y=-34, z=-464}
[04:54:52] [Server thread/WARN]: Mismatch in destroy block pos: BlockPos{x=204, y=-33, z=-473} BlockPos{x=204, y=-32, z=-472}
[05:00:33] [Server thread/INFO]: Mattute_uwu was slain by Enderman
[05:00:33] [Server thread/INFO]: Created new backpack backup file for Mattute_uwu with unique ID travelersbackpack.enderman_25.08.2026-05.00.33.dat
[05:00:33] [Server thread/INFO]: Created new backpack backup file for Mattute_uwu with unique ID travelersbackpack.enderman_25.08.2026-05.00.33.dat
[05:00:33] [Server thread/INFO]: Your backpack has been placed at X: -1940 Y: -52 Z: 692
[05:04:18] [Server thread/INFO]: marinet45 has completed the challenge [It Spreads]
[05:04:52] [Server thread/WARN]: Mismatch in destroy block pos: BlockPos{x=172, y=-42, z=-469} BlockPos{x=173, y=-42, z=-469}
[05:04:57] [Server thread/WARN]: Mismatch in destroy block pos: BlockPos{x=171, y=-36, z=-469} BlockPos{x=171, y=-37, z=-468}
[05:04:59] [Server thread/WARN]: Can't keep up! Is the server overloaded? Running 2024ms or 40 ticks behind
[05:12:05] [Server thread/WARN]: Mismatch in destroy block pos: BlockPos{x=221, y=-39, z=-515} BlockPos{x=222, y=-39, z=-514}
[05:13:20] [Server thread/WARN]: Mismatch in destroy block pos: BlockPos{x=217, y=-39, z=-508} BlockPos{x=217, y=-38, z=-509}
[05:13:20] [Server thread/WARN]: Mismatch in destroy block pos: BlockPos{x=217, y=-39, z=-508} BlockPos{x=217, y=-38, z=-509}
[05:14:24] [Server thread/WARN]: Mismatch in destroy block pos: BlockPos{x=202, y=-41, z=-530} BlockPos{x=203, y=-40, z=-529}
[05:14:38] [Server thread/INFO]: Mattute_uwu was blown up by Creeper
[05:15:56] [Server thread/WARN]: Can't keep up! Is the server overloaded? Running 2007ms or 40 ticks behind
[05:16:15] [Server thread/WARN]: Can't keep up! Is the server overloaded? Running 3525ms or 70 ticks behind
[05:19:10] [Server thread/INFO]: Unknown or incomplete command. See below for error
[05:19:10] [Server thread/INFO]: xxxxxxxxxx/tp Renesito Yazuu<--[HERE]
[05:19:22] [Server thread/INFO]: Teleported Renesito to Yazuu
[05:19:36] [Server thread/INFO]: [Not Secure] <Renesito> ww
[05:21:29] [Server thread/INFO]: Mattute_uwu was shot by Skeleton
[05:21:29] [Server thread/INFO]: Created new backpack backup file for Mattute_uwu with unique ID travelersbackpack.enderman_25.08.2026-05.21.29.dat
[05:21:29] [Server thread/INFO]: Created new backpack backup file for Mattute_uwu with unique ID travelersbackpack.enderman_25.08.2026-05.21.29.dat
[05:21:29] [Server thread/INFO]: Your backpack has been placed at X: -1965 Y: -51 Z: 774
[05:26:55] [Server thread/WARN]: Can't keep up! Is the server overloaded? Running 2071ms or 41 ticks behind
[05:27:17] [Server thread/WARN]: Can't keep up! Is the server overloaded? Running 6681ms or 133 ticks behind
[05:38:07] [Server thread/WARN]: Can't keep up! Is the server overloaded? Running 2029ms or 40 ticks behind
[05:38:26] [Server thread/WARN]: Can't keep up! Is the server overloaded? Running 4183ms or 83 ticks behind
[05:40:13] [Server thread/INFO]: [Not Secure] <Mattute_uwu> -1893 774
[05:42:48] [Server thread/WARN]: Mismatch in destroy block pos: BlockPos{x=-1906, y=26, z=689} BlockPos{x=-1907, y=25, z=689}
[05:42:49] [Server thread/WARN]: Mismatch in destroy block pos: BlockPos{x=-1906, y=26, z=689} BlockPos{x=-1907, y=24, z=689}
[05:49:15] [Server thread/WARN]: Can't keep up! Is the server overloaded? Running 2095ms or 41 ticks behind
[05:49:33] [Server thread/WARN]: Can't keep up! Is the server overloaded? Running 3388ms or 67 ticks behind
[05:49:45] [Server thread/INFO]: Renesito lost connection: Disconnected
[05:49:45] [Server thread/INFO]: Renesito left the game
[05:50:14] [Server thread/INFO]: Mattute_uwu was blown up by Creeper
[05:50:14] [Server thread/INFO]: Created new backpack backup file for Mattute_uwu with unique ID travelersbackpack.enderman_25.08.2026-05.50.14.dat
[05:50:14] [Server thread/INFO]: Created new backpack backup file for Mattute_uwu with unique ID travelersbackpack.enderman_25.08.2026-05.50.14.dat
[05:50:14] [Server thread/INFO]: Your backpack has been placed at X: -2004 Y: -45 Z: 673
[05:50:57] [Server thread/INFO]: [Not Secure] <Yazuu> -1976 649
[05:59:30] [Server thread/INFO]: Mattute_uwu burned to death
[05:59:30] [Server thread/INFO]: Created new backpack backup file for Mattute_uwu with unique ID travelersbackpack.enderman_25.08.2026-05.59.30.dat
[05:59:30] [Server thread/INFO]: Created new backpack backup file for Mattute_uwu with unique ID travelersbackpack.enderman_25.08.2026-05.59.30.dat
[05:59:30] [Server thread/INFO]: Your backpack has been placed at X: -1917 Y: -46 Z: 629
[06:00:23] [Server thread/WARN]: Can't keep up! Is the server overloaded? Running 2002ms or 40 ticks behind
[06:01:11] [Server thread/INFO]: marinet45 has completed the challenge [Cover Me in Debris]
[06:11:32] [Server thread/WARN]: Can't keep up! Is the server overloaded? Running 2044ms or 40 ticks behind
[06:15:08] [Server thread/WARN]: marinet45 moved too quickly! -1.6993268696132873,-10.542263135907518,-0.04001574716335199
[06:21:39] [Server thread/INFO]: Mattute_uwu lost connection: Disconnected
[06:21:39] [Server thread/INFO]: Mattute_uwu left the game
[06:52:34] [Server thread/INFO]: marinet45 lost connection: Disconnected
[06:52:34] [Server thread/INFO]: marinet45 left the game
[06:53:09] [Server thread/WARN]: Mismatch in destroy block pos: BlockPos{x=225, y=64, z=-1154} BlockPos{x=224, y=63, z=-1154}
[06:54:30] [Server thread/WARN]: Mismatch in destroy block pos: BlockPos{x=219, y=63, z=-1156} BlockPos{x=220, y=62, z=-1156}
[06:57:23] [Server thread/WARN]: Mismatch in destroy block pos: BlockPos{x=217, y=61, z=-1150} BlockPos{x=217, y=60, z=-1149}
[06:58:01] [Server thread/WARN]: Mismatch in destroy block pos: BlockPos{x=221, y=63, z=-1140} BlockPos{x=221, y=61, z=-1140}
[06:58:01] [Server thread/WARN]: Mismatch in destroy block pos: BlockPos{x=221, y=63, z=-1140} BlockPos{x=221, y=61, z=-1140}
[06:58:04] [Server thread/WARN]: Mismatch in destroy block pos: BlockPos{x=221, y=61, z=-1148} BlockPos{x=221, y=62, z=-1148}
[06:58:05] [Server thread/WARN]: Mismatch in destroy block pos: BlockPos{x=221, y=62, z=-1148} BlockPos{x=221, y=60, z=-1149}
[06:58:05] [Server thread/WARN]: Mismatch in destroy block pos: BlockPos{x=221, y=62, z=-1150} BlockPos{x=221, y=60, z=-1149}
[06:58:05] [Server thread/WARN]: Mismatch in destroy block pos: BlockPos{x=221, y=62, z=-1151} BlockPos{x=221, y=60, z=-1149}
[06:58:05] [Server thread/WARN]: Mismatch in destroy block pos: BlockPos{x=221, y=62, z=-1151} BlockPos{x=221, y=60, z=-1149}
[06:58:11] [Server thread/WARN]: Mismatch in destroy block pos: BlockPos{x=222, y=61, z=-1152} BlockPos{x=222, y=63, z=-1152}
[06:58:11] [Server thread/WARN]: Mismatch in destroy block pos: BlockPos{x=222, y=61, z=-1152} BlockPos{x=222, y=63, z=-1152}
[06:58:12] [Server thread/WARN]: Mismatch in destroy block pos: BlockPos{x=222, y=61, z=-1152} BlockPos{x=222, y=63, z=-1152}
[06:58:12] [Server thread/WARN]: Mismatch in destroy block pos: BlockPos{x=222, y=61, z=-1152} BlockPos{x=222, y=63, z=-1152}
[06:58:12] [Server thread/WARN]: Mismatch in destroy block pos: BlockPos{x=222, y=61, z=-1152} BlockPos{x=222, y=63, z=-1152}
[06:58:12] [Server thread/WARN]: Mismatch in destroy block pos: BlockPos{x=222, y=61, z=-1152} BlockPos{x=222, y=63, z=-1152}
[06:58:35] [Server thread/WARN]: Mismatch in destroy block pos: BlockPos{x=223, y=63, z=-1143} BlockPos{x=224, y=61, z=-1146}
[06:58:37] [Server thread/WARN]: Mismatch in destroy block pos: BlockPos{x=223, y=62, z=-1147} BlockPos{x=223, y=60, z=-1147}
[06:58:37] [Server thread/WARN]: Mismatch in destroy block pos: BlockPos{x=223, y=62, z=-1148} BlockPos{x=223, y=60, z=-1147}
[06:58:52] [Server thread/WARN]: Mismatch in destroy block pos: BlockPos{x=226, y=62, z=-1137} BlockPos{x=226, y=60, z=-1137}
[07:02:58] [Server thread/WARN]: Mismatch in destroy block pos: BlockPos{x=226, y=60, z=-1137} BlockPos{x=-75, y=12, z=-235}
[07:13:25] [Server thread/WARN]: Mismatch in destroy block pos: BlockPos{x=-179, y=15, z=-235} BlockPos{x=-117, y=14, z=-240}
[07:13:35] [Server thread/WARN]: Mismatch in destroy block pos: BlockPos{x=-117, y=15, z=-246} BlockPos{x=-117, y=13, z=-248}
[07:13:53] [Server thread/WARN]: Mismatch in destroy block pos: BlockPos{x=-117, y=13, z=-248} BlockPos{x=-117, y=15, z=-250}
[07:13:58] [Server thread/WARN]: Mismatch in destroy block pos: BlockPos{x=-117, y=13, z=-250} BlockPos{x=-117, y=14, z=-252}
[07:14:06] [Server thread/WARN]: Mismatch in destroy block pos: BlockPos{x=-117, y=13, z=-267} BlockPos{x=-117, y=12, z=-266}
[07:18:13] [Server thread/WARN]: bohemia moved too quickly! -6.612816640436094,0.0,-7.578901744863003
[07:34:24] [Server thread/WARN]: Mismatch in destroy block pos: BlockPos{x=-101, y=13, z=-202} BlockPos{x=-101, y=14, z=-198}
[07:37:34] [Server thread/WARN]: bohemia moved too quickly! -9.964835264677859,1.0013359791121417,-0.5569781260047932
[07:39:17] [Server thread/WARN]: Mismatch in destroy block pos: BlockPos{x=-84, y=14, z=-136} BlockPos{x=-76, y=13, z=-137}
[07:46:26] [Server thread/WARN]: Mismatch in destroy block pos: BlockPos{x=-70, y=18, z=-109} BlockPos{x=-29, y=58, z=-133}
[07:46:45] [Server thread/WARN]: Mismatch in destroy block pos: BlockPos{x=-70, y=18, z=-109} BlockPos{x=-27, y=60, z=-133}
[07:47:59] [Server thread/WARN]: Mismatch in destroy block pos: BlockPos{x=-70, y=18, z=-109} BlockPos{x=8, y=69, z=-137}
[07:48:08] [Server thread/WARN]: Mismatch in destroy block pos: BlockPos{x=-70, y=18, z=-109} BlockPos{x=6, y=69, z=-133}
[07:48:44] [Server thread/WARN]: Mismatch in destroy block pos: BlockPos{x=-70, y=18, z=-109} BlockPos{x=-22, y=66, z=-133}
[07:49:34] [Server thread/WARN]: Mismatch in destroy block pos: BlockPos{x=-70, y=18, z=-109} BlockPos{x=-13, y=69, z=-133}
[07:49:43] [Server thread/WARN]: Mismatch in destroy block pos: BlockPos{x=-70, y=18, z=-109} BlockPos{x=-32, y=55, z=-133}
[07:50:15] [Server thread/WARN]: Mismatch in destroy block pos: BlockPos{x=-70, y=18, z=-109} BlockPos{x=-29, y=59, z=-134}
[07:51:40] [Server thread/WARN]: Mismatch in destroy block pos: BlockPos{x=-70, y=18, z=-109} BlockPos{x=-19, y=71, z=-134}
[07:52:12] [Server thread/WARN]: Mismatch in destroy block pos: BlockPos{x=-70, y=18, z=-109} BlockPos{x=-28, y=60, z=-133}
[07:52:47] [Server thread/WARN]: Mismatch in destroy block pos: BlockPos{x=-70, y=18, z=-109} BlockPos{x=-32, y=54, z=-134}
[07:53:59] [Server thread/WARN]: Mismatch in destroy block pos: BlockPos{x=-70, y=18, z=-109} BlockPos{x=-20, y=66, z=-134}
[07:54:59] [Server thread/WARN]: Mismatch in destroy block pos: BlockPos{x=-70, y=18, z=-109} BlockPos{x=-7, y=71, z=-134}
[07:55:08] [Server thread/WARN]: Mismatch in destroy block pos: BlockPos{x=-70, y=18, z=-109} BlockPos{x=-3, y=71, z=-134}
[07:55:12] [Server thread/WARN]: Mismatch in destroy block pos: BlockPos{x=-70, y=18, z=-109} BlockPos{x=-2, y=70, z=-134}
